     1                                  section .text
     2                                  global	_start
     3                                  
     4                                  _start:
     5 00000000 B803000000              	mov     rax, 3
     6 00000005 BB0A000000                      mov     rbx, 10
     7                                  Movs:
     8 0000000A 4889D8                          mov     rax, rbx
     9                                  
    10                                  pushes:
    11 0000000D 41BF56341200                    mov     r15, 0x123456
    12                                  
    13 00000013 4155                            push    r13
    14                                  
    15 00000015 4D8B7D00                        mov     r15, [r13]
    16                                          ;push    [r13]
    17                                  
    18 00000019 4D01FD                          add     r13, r15
    19 0000001C 4D29FD                          sub     r13, r15
    20                                          ;mul     r13, r15
    21                                          ;div     r13, r15
    22                                  
    23 0000001F 90                              nop
    24                                  
    25 00000020 C3                              ret
